ARM GAS  C:\Users\Jupiter\AppData\Local\Temp\cca9aT7H.s 			page 1


   1              		.syntax unified
   2              		.cpu cortex-m0plus
   3              		.fpu softvfp
   4              		.eabi_attribute 20, 1
   5              		.eabi_attribute 21, 1
   6              		.eabi_attribute 23, 3
   7              		.eabi_attribute 24, 1
   8              		.eabi_attribute 25, 1
   9              		.eabi_attribute 26, 1
  10              		.eabi_attribute 30, 1
  11              		.eabi_attribute 34, 0
  12              		.eabi_attribute 18, 4
  13              		.thumb
  14              		.syntax unified
  15              		.file	"cyfitter_cfg.c"
  16              		.text
  17              	.Ltext0:
  18              		.cfi_sections	.debug_frame
  19              		.section	.psocinit,"ax",%progbits
  20              		.align	2
  21              		.code	16
  22              		.thumb_func
  23              		.type	ClockSetup, %function
  24              	ClockSetup:
  25              	.LFB4:
  26              		.file 1 "Generated_Source\\PSoC4\\cyfitter_cfg.c"
   1:Generated_Source\PSoC4/cyfitter_cfg.c **** 
   2:Generated_Source\PSoC4/cyfitter_cfg.c **** /*******************************************************************************
   3:Generated_Source\PSoC4/cyfitter_cfg.c **** * File Name: cyfitter_cfg.c
   4:Generated_Source\PSoC4/cyfitter_cfg.c **** * 
   5:Generated_Source\PSoC4/cyfitter_cfg.c **** * PSoC Creator  4.4
   6:Generated_Source\PSoC4/cyfitter_cfg.c **** *
   7:Generated_Source\PSoC4/cyfitter_cfg.c **** * Description:
   8:Generated_Source\PSoC4/cyfitter_cfg.c **** * This file contains device initialization code.
   9:Generated_Source\PSoC4/cyfitter_cfg.c **** * Except for the user defined sections in CyClockStartupError(), this file should not be modified.
  10:Generated_Source\PSoC4/cyfitter_cfg.c **** * This file is automatically generated by PSoC Creator.
  11:Generated_Source\PSoC4/cyfitter_cfg.c **** *
  12:Generated_Source\PSoC4/cyfitter_cfg.c **** ********************************************************************************
  13:Generated_Source\PSoC4/cyfitter_cfg.c **** * Copyright (c) 2007-2020 Cypress Semiconductor.  All rights reserved.
  14:Generated_Source\PSoC4/cyfitter_cfg.c **** * You may use this file only in accordance with the license, terms, conditions, 
  15:Generated_Source\PSoC4/cyfitter_cfg.c **** * disclaimers, and limitations in the end user license agreement accompanying 
  16:Generated_Source\PSoC4/cyfitter_cfg.c **** * the software package with which this file was provided.
  17:Generated_Source\PSoC4/cyfitter_cfg.c **** ********************************************************************************/
  18:Generated_Source\PSoC4/cyfitter_cfg.c **** 
  19:Generated_Source\PSoC4/cyfitter_cfg.c **** #include <string.h>
  20:Generated_Source\PSoC4/cyfitter_cfg.c **** #include "cytypes.h"
  21:Generated_Source\PSoC4/cyfitter_cfg.c **** #include "cydevice_trm.h"
  22:Generated_Source\PSoC4/cyfitter_cfg.c **** #include "cyfitter.h"
  23:Generated_Source\PSoC4/cyfitter_cfg.c **** #include "CyLib.h"
  24:Generated_Source\PSoC4/cyfitter_cfg.c **** #include "CyLFClk.h"
  25:Generated_Source\PSoC4/cyfitter_cfg.c **** #include "cyfitter_cfg.h"
  26:Generated_Source\PSoC4/cyfitter_cfg.c **** #include "cyapicallbacks.h"
  27:Generated_Source\PSoC4/cyfitter_cfg.c **** 
  28:Generated_Source\PSoC4/cyfitter_cfg.c **** 
  29:Generated_Source\PSoC4/cyfitter_cfg.c **** #if defined(__GNUC__) || defined(__ARMCC_VERSION)
  30:Generated_Source\PSoC4/cyfitter_cfg.c ****     #define CYPACKED 
  31:Generated_Source\PSoC4/cyfitter_cfg.c ****     #define CYPACKED_ATTR __attribute__ ((packed))
ARM GAS  C:\Users\Jupiter\AppData\Local\Temp\cca9aT7H.s 			page 2


  32:Generated_Source\PSoC4/cyfitter_cfg.c ****     #define CYALIGNED __attribute__ ((aligned))
  33:Generated_Source\PSoC4/cyfitter_cfg.c ****     #define CY_CFG_UNUSED __attribute__ ((unused))
  34:Generated_Source\PSoC4/cyfitter_cfg.c ****     #ifndef CY_CFG_SECTION
  35:Generated_Source\PSoC4/cyfitter_cfg.c ****         #define CY_CFG_SECTION __attribute__ ((section(".psocinit")))
  36:Generated_Source\PSoC4/cyfitter_cfg.c ****     #endif
  37:Generated_Source\PSoC4/cyfitter_cfg.c ****     
  38:Generated_Source\PSoC4/cyfitter_cfg.c ****     #if defined(__ARMCC_VERSION)
  39:Generated_Source\PSoC4/cyfitter_cfg.c ****         #define CY_CFG_MEMORY_BARRIER() __memory_changed()
  40:Generated_Source\PSoC4/cyfitter_cfg.c ****     #else
  41:Generated_Source\PSoC4/cyfitter_cfg.c ****         #define CY_CFG_MEMORY_BARRIER() __sync_synchronize()
  42:Generated_Source\PSoC4/cyfitter_cfg.c ****     #endif
  43:Generated_Source\PSoC4/cyfitter_cfg.c ****     
  44:Generated_Source\PSoC4/cyfitter_cfg.c **** #elif defined(__ICCARM__)
  45:Generated_Source\PSoC4/cyfitter_cfg.c ****     #include <intrinsics.h>
  46:Generated_Source\PSoC4/cyfitter_cfg.c **** 
  47:Generated_Source\PSoC4/cyfitter_cfg.c ****     #define CYPACKED __packed
  48:Generated_Source\PSoC4/cyfitter_cfg.c ****     #define CYPACKED_ATTR 
  49:Generated_Source\PSoC4/cyfitter_cfg.c ****     #define CYALIGNED _Pragma("data_alignment=4")
  50:Generated_Source\PSoC4/cyfitter_cfg.c ****     #define CY_CFG_UNUSED _Pragma("diag_suppress=Pe177")
  51:Generated_Source\PSoC4/cyfitter_cfg.c ****     #define CY_CFG_SECTION _Pragma("location=\".psocinit\"")
  52:Generated_Source\PSoC4/cyfitter_cfg.c ****     
  53:Generated_Source\PSoC4/cyfitter_cfg.c ****     #define CY_CFG_MEMORY_BARRIER() __DMB()
  54:Generated_Source\PSoC4/cyfitter_cfg.c ****     
  55:Generated_Source\PSoC4/cyfitter_cfg.c **** #else
  56:Generated_Source\PSoC4/cyfitter_cfg.c ****     #error Unsupported toolchain
  57:Generated_Source\PSoC4/cyfitter_cfg.c **** #endif
  58:Generated_Source\PSoC4/cyfitter_cfg.c **** 
  59:Generated_Source\PSoC4/cyfitter_cfg.c **** #ifndef CYCODE
  60:Generated_Source\PSoC4/cyfitter_cfg.c ****     #define CYCODE
  61:Generated_Source\PSoC4/cyfitter_cfg.c **** #endif
  62:Generated_Source\PSoC4/cyfitter_cfg.c **** #ifndef CYDATA
  63:Generated_Source\PSoC4/cyfitter_cfg.c ****     #define CYDATA
  64:Generated_Source\PSoC4/cyfitter_cfg.c **** #endif
  65:Generated_Source\PSoC4/cyfitter_cfg.c **** #ifndef CYFAR
  66:Generated_Source\PSoC4/cyfitter_cfg.c ****     #define CYFAR
  67:Generated_Source\PSoC4/cyfitter_cfg.c **** #endif
  68:Generated_Source\PSoC4/cyfitter_cfg.c **** #ifndef CYXDATA
  69:Generated_Source\PSoC4/cyfitter_cfg.c ****     #define CYXDATA
  70:Generated_Source\PSoC4/cyfitter_cfg.c **** #endif
  71:Generated_Source\PSoC4/cyfitter_cfg.c **** 
  72:Generated_Source\PSoC4/cyfitter_cfg.c **** 
  73:Generated_Source\PSoC4/cyfitter_cfg.c **** CY_CFG_UNUSED
  74:Generated_Source\PSoC4/cyfitter_cfg.c **** static void CYMEMZERO(void *s, size_t n);
  75:Generated_Source\PSoC4/cyfitter_cfg.c **** CY_CFG_UNUSED
  76:Generated_Source\PSoC4/cyfitter_cfg.c **** static void CYMEMZERO(void *s, size_t n)
  77:Generated_Source\PSoC4/cyfitter_cfg.c **** {
  78:Generated_Source\PSoC4/cyfitter_cfg.c **** 	(void)memset(s, 0, n);
  79:Generated_Source\PSoC4/cyfitter_cfg.c **** }
  80:Generated_Source\PSoC4/cyfitter_cfg.c **** CY_CFG_UNUSED
  81:Generated_Source\PSoC4/cyfitter_cfg.c **** static void CYCONFIGCPY(void *dest, const void *src, size_t n);
  82:Generated_Source\PSoC4/cyfitter_cfg.c **** CY_CFG_UNUSED
  83:Generated_Source\PSoC4/cyfitter_cfg.c **** static void CYCONFIGCPY(void *dest, const void *src, size_t n)
  84:Generated_Source\PSoC4/cyfitter_cfg.c **** {
  85:Generated_Source\PSoC4/cyfitter_cfg.c **** 	(void)memcpy(dest, src, n);
  86:Generated_Source\PSoC4/cyfitter_cfg.c **** }
  87:Generated_Source\PSoC4/cyfitter_cfg.c **** CY_CFG_UNUSED
  88:Generated_Source\PSoC4/cyfitter_cfg.c **** static void CYCONFIGCPYCODE(void *dest, const void *src, size_t n);
ARM GAS  C:\Users\Jupiter\AppData\Local\Temp\cca9aT7H.s 			page 3


  89:Generated_Source\PSoC4/cyfitter_cfg.c **** CY_CFG_UNUSED
  90:Generated_Source\PSoC4/cyfitter_cfg.c **** static void CYCONFIGCPYCODE(void *dest, const void *src, size_t n)
  91:Generated_Source\PSoC4/cyfitter_cfg.c **** {
  92:Generated_Source\PSoC4/cyfitter_cfg.c **** 	(void)memcpy(dest, src, n);
  93:Generated_Source\PSoC4/cyfitter_cfg.c **** }
  94:Generated_Source\PSoC4/cyfitter_cfg.c **** 
  95:Generated_Source\PSoC4/cyfitter_cfg.c **** 
  96:Generated_Source\PSoC4/cyfitter_cfg.c **** 
  97:Generated_Source\PSoC4/cyfitter_cfg.c **** 
  98:Generated_Source\PSoC4/cyfitter_cfg.c **** /* Clock startup error codes                                                   */
  99:Generated_Source\PSoC4/cyfitter_cfg.c **** #define CYCLOCKSTART_NO_ERROR    0u
 100:Generated_Source\PSoC4/cyfitter_cfg.c **** #define CYCLOCKSTART_XTAL_ERROR  1u
 101:Generated_Source\PSoC4/cyfitter_cfg.c **** #define CYCLOCKSTART_32KHZ_ERROR 2u
 102:Generated_Source\PSoC4/cyfitter_cfg.c **** #define CYCLOCKSTART_PLL_ERROR   3u
 103:Generated_Source\PSoC4/cyfitter_cfg.c **** #define CYCLOCKSTART_FLL_ERROR   4u
 104:Generated_Source\PSoC4/cyfitter_cfg.c **** #define CYCLOCKSTART_WCO_ERROR   5u
 105:Generated_Source\PSoC4/cyfitter_cfg.c **** 
 106:Generated_Source\PSoC4/cyfitter_cfg.c **** 
 107:Generated_Source\PSoC4/cyfitter_cfg.c **** #ifdef CY_NEED_CYCLOCKSTARTUPERROR
 108:Generated_Source\PSoC4/cyfitter_cfg.c **** /*******************************************************************************
 109:Generated_Source\PSoC4/cyfitter_cfg.c **** * Function Name: CyClockStartupError
 110:Generated_Source\PSoC4/cyfitter_cfg.c **** ********************************************************************************
 111:Generated_Source\PSoC4/cyfitter_cfg.c **** * Summary:
 112:Generated_Source\PSoC4/cyfitter_cfg.c **** *  If an error is encountered during clock configuration (crystal startup error,
 113:Generated_Source\PSoC4/cyfitter_cfg.c **** *  PLL lock error, etc.), the system will end up here.  Unless reimplemented by
 114:Generated_Source\PSoC4/cyfitter_cfg.c **** *  the customer, this function will stop in an infinite loop.
 115:Generated_Source\PSoC4/cyfitter_cfg.c **** *
 116:Generated_Source\PSoC4/cyfitter_cfg.c **** * Parameters:
 117:Generated_Source\PSoC4/cyfitter_cfg.c **** *   void
 118:Generated_Source\PSoC4/cyfitter_cfg.c **** *
 119:Generated_Source\PSoC4/cyfitter_cfg.c **** * Return:
 120:Generated_Source\PSoC4/cyfitter_cfg.c **** *   void
 121:Generated_Source\PSoC4/cyfitter_cfg.c **** *
 122:Generated_Source\PSoC4/cyfitter_cfg.c **** *******************************************************************************/
 123:Generated_Source\PSoC4/cyfitter_cfg.c **** CY_CFG_UNUSED
 124:Generated_Source\PSoC4/cyfitter_cfg.c **** static void CyClockStartupError(uint8 errorCode);
 125:Generated_Source\PSoC4/cyfitter_cfg.c **** CY_CFG_UNUSED
 126:Generated_Source\PSoC4/cyfitter_cfg.c **** static void CyClockStartupError(uint8 errorCode)
 127:Generated_Source\PSoC4/cyfitter_cfg.c **** {
 128:Generated_Source\PSoC4/cyfitter_cfg.c ****     /* To remove the compiler warning if errorCode not used.                */
 129:Generated_Source\PSoC4/cyfitter_cfg.c ****     errorCode = errorCode;
 130:Generated_Source\PSoC4/cyfitter_cfg.c **** 
 131:Generated_Source\PSoC4/cyfitter_cfg.c ****     /* If we have a clock startup error (bad MHz crystal, PLL lock, etc.),  */
 132:Generated_Source\PSoC4/cyfitter_cfg.c ****     /* we will end up here to allow the customer to implement something to  */
 133:Generated_Source\PSoC4/cyfitter_cfg.c ****     /* deal with the clock condition.                                       */
 134:Generated_Source\PSoC4/cyfitter_cfg.c **** 
 135:Generated_Source\PSoC4/cyfitter_cfg.c **** #ifdef CY_CFG_CLOCK_STARTUP_ERROR_CALLBACK
 136:Generated_Source\PSoC4/cyfitter_cfg.c ****     CY_CFG_Clock_Startup_ErrorCallback();
 137:Generated_Source\PSoC4/cyfitter_cfg.c **** #else
 138:Generated_Source\PSoC4/cyfitter_cfg.c ****     /*  If not using CY_CFG_CLOCK_STARTUP_ERROR_CALLBACK, place your clock startup code here. */
 139:Generated_Source\PSoC4/cyfitter_cfg.c ****     /* `#START CyClockStartupError` */
 140:Generated_Source\PSoC4/cyfitter_cfg.c **** 
 141:Generated_Source\PSoC4/cyfitter_cfg.c **** 
 142:Generated_Source\PSoC4/cyfitter_cfg.c **** 
 143:Generated_Source\PSoC4/cyfitter_cfg.c ****     /* `#END` */
 144:Generated_Source\PSoC4/cyfitter_cfg.c **** 
 145:Generated_Source\PSoC4/cyfitter_cfg.c ****     while(1) {}
ARM GAS  C:\Users\Jupiter\AppData\Local\Temp\cca9aT7H.s 			page 4


 146:Generated_Source\PSoC4/cyfitter_cfg.c **** #endif /* CY_CFG_CLOCK_STARTUP_ERROR_CALLBACK */
 147:Generated_Source\PSoC4/cyfitter_cfg.c **** }
 148:Generated_Source\PSoC4/cyfitter_cfg.c **** #endif
 149:Generated_Source\PSoC4/cyfitter_cfg.c **** 
 150:Generated_Source\PSoC4/cyfitter_cfg.c **** 
 151:Generated_Source\PSoC4/cyfitter_cfg.c **** 
 152:Generated_Source\PSoC4/cyfitter_cfg.c **** /*******************************************************************************
 153:Generated_Source\PSoC4/cyfitter_cfg.c **** * Function Name: ClockSetup
 154:Generated_Source\PSoC4/cyfitter_cfg.c **** ********************************************************************************
 155:Generated_Source\PSoC4/cyfitter_cfg.c **** *
 156:Generated_Source\PSoC4/cyfitter_cfg.c **** * Summary:
 157:Generated_Source\PSoC4/cyfitter_cfg.c **** *   Performs the initialization of all of the clocks in the device based on the
 158:Generated_Source\PSoC4/cyfitter_cfg.c **** *   settings in the Clock tab of the DWR.  This includes enabling the requested
 159:Generated_Source\PSoC4/cyfitter_cfg.c **** *   clocks and setting the necessary dividers to produce the desired frequency. 
 160:Generated_Source\PSoC4/cyfitter_cfg.c **** *
 161:Generated_Source\PSoC4/cyfitter_cfg.c **** * Parameters:
 162:Generated_Source\PSoC4/cyfitter_cfg.c **** *   void
 163:Generated_Source\PSoC4/cyfitter_cfg.c **** *
 164:Generated_Source\PSoC4/cyfitter_cfg.c **** * Return:
 165:Generated_Source\PSoC4/cyfitter_cfg.c **** *   void
 166:Generated_Source\PSoC4/cyfitter_cfg.c **** *
 167:Generated_Source\PSoC4/cyfitter_cfg.c **** *******************************************************************************/
 168:Generated_Source\PSoC4/cyfitter_cfg.c **** static void ClockSetup(void);
 169:Generated_Source\PSoC4/cyfitter_cfg.c **** CY_CFG_SECTION
 170:Generated_Source\PSoC4/cyfitter_cfg.c **** static void ClockSetup(void)
 171:Generated_Source\PSoC4/cyfitter_cfg.c **** {
  27              		.loc 1 171 0
  28              		.cfi_startproc
  29              		@ args = 0, pretend = 0, frame = 0
  30              		@ frame_needed = 0, uses_anonymous_args = 0
  31 0000 70B5     		push	{r4, r5, r6, lr}
  32              		.cfi_def_cfa_offset 16
  33              		.cfi_offset 4, -16
  34              		.cfi_offset 5, -12
  35              		.cfi_offset 6, -8
  36              		.cfi_offset 14, -4
 172:Generated_Source\PSoC4/cyfitter_cfg.c **** 
 173:Generated_Source\PSoC4/cyfitter_cfg.c **** 	/* Set Flash Cycles based on max possible frequency in case a glitch occurs during ClockSetup(). *
 174:Generated_Source\PSoC4/cyfitter_cfg.c **** 	CY_SET_REG32((void CYXDATA *)(CYREG_CPUSS_FLASH_CTL), (0x0012u));
  37              		.loc 1 174 0
  38 0002 1A4C     		ldr	r4, .L2
  39 0004 1223     		movs	r3, #18
  40 0006 2360     		str	r3, [r4]
 175:Generated_Source\PSoC4/cyfitter_cfg.c **** 	/* Update IMO to new clock speed. */
 176:Generated_Source\PSoC4/cyfitter_cfg.c **** 	CySysClkWriteImoFreq(24u);
  41              		.loc 1 176 0
  42 0008 1820     		movs	r0, #24
  43 000a FFF7FEFF 		bl	CySysClkWriteImoFreq
  44              	.LVL0:
 177:Generated_Source\PSoC4/cyfitter_cfg.c **** 
 178:Generated_Source\PSoC4/cyfitter_cfg.c **** 	/* Setup phase aligned clocks */
 179:Generated_Source\PSoC4/cyfitter_cfg.c **** 	CY_SET_REG32((void *)CYREG_PERI_DIV_16_CTL2, 0x00002F00u);
  45              		.loc 1 179 0
  46 000e BC22     		movs	r2, #188
  47 0010 9201     		lsls	r2, r2, #6
  48 0012 174B     		ldr	r3, .L2+4
  49 0014 1A60     		str	r2, [r3]
ARM GAS  C:\Users\Jupiter\AppData\Local\Temp\cca9aT7H.s 			page 5


 180:Generated_Source\PSoC4/cyfitter_cfg.c **** 	CY_SET_REG32((void *)CYREG_PERI_DIV_CMD, 0x8000FF42u);
  50              		.loc 1 180 0
  51 0016 174B     		ldr	r3, .L2+8
  52 0018 174A     		ldr	r2, .L2+12
  53 001a 1A60     		str	r2, [r3]
 181:Generated_Source\PSoC4/cyfitter_cfg.c **** 	CY_SET_REG32((void *)CYREG_PERI_DIV_16_CTL0, 0x0000FE00u);
  54              		.loc 1 181 0
  55 001c FE21     		movs	r1, #254
  56 001e 0902     		lsls	r1, r1, #8
  57 0020 164A     		ldr	r2, .L2+16
  58 0022 1160     		str	r1, [r2]
 182:Generated_Source\PSoC4/cyfitter_cfg.c **** 	CY_SET_REG32((void *)CYREG_PERI_DIV_CMD, 0x8000FF40u);
  59              		.loc 1 182 0
  60 0024 164A     		ldr	r2, .L2+20
  61 0026 1A60     		str	r2, [r3]
 183:Generated_Source\PSoC4/cyfitter_cfg.c **** 	CY_SET_REG32((void *)CYREG_PERI_DIV_16_CTL1, 0x00000E00u);
  62              		.loc 1 183 0
  63 0028 E021     		movs	r1, #224
  64 002a 0901     		lsls	r1, r1, #4
  65 002c 154A     		ldr	r2, .L2+24
  66 002e 1160     		str	r1, [r2]
 184:Generated_Source\PSoC4/cyfitter_cfg.c **** 	CY_SET_REG32((void *)CYREG_PERI_DIV_CMD, 0x8000FF41u);
  67              		.loc 1 184 0
  68 0030 154A     		ldr	r2, .L2+28
  69 0032 1A60     		str	r2, [r3]
 185:Generated_Source\PSoC4/cyfitter_cfg.c **** 
 186:Generated_Source\PSoC4/cyfitter_cfg.c **** 	/* CYDEV_CLK_SELECT Starting address: CYDEV_CLK_SELECT */
 187:Generated_Source\PSoC4/cyfitter_cfg.c **** 	CY_SET_REG32((void *)(CYREG_CLK_SELECT), 0x00000000u);
  70              		.loc 1 187 0
  71 0034 0025     		movs	r5, #0
  72 0036 154B     		ldr	r3, .L2+32
  73 0038 1D60     		str	r5, [r3]
 188:Generated_Source\PSoC4/cyfitter_cfg.c **** 
 189:Generated_Source\PSoC4/cyfitter_cfg.c **** 	/* CYDEV_PERI_PCLK_CTL6 Starting address: CYDEV_PERI_PCLK_CTL6 */
 190:Generated_Source\PSoC4/cyfitter_cfg.c **** 	CY_SET_REG32((void *)(CYREG_PERI_PCLK_CTL6), 0x00000042u);
  74              		.loc 1 190 0
  75 003a 4222     		movs	r2, #66
  76 003c 144B     		ldr	r3, .L2+36
  77 003e 1A60     		str	r2, [r3]
 191:Generated_Source\PSoC4/cyfitter_cfg.c **** 
 192:Generated_Source\PSoC4/cyfitter_cfg.c **** 	/* CYDEV_PERI_PCLK_CTL3 Starting address: CYDEV_PERI_PCLK_CTL3 */
 193:Generated_Source\PSoC4/cyfitter_cfg.c **** 	CY_SET_REG32((void *)(CYREG_PERI_PCLK_CTL3), 0x00000040u);
  78              		.loc 1 193 0
  79 0040 023A     		subs	r2, r2, #2
  80 0042 144B     		ldr	r3, .L2+40
  81 0044 1A60     		str	r2, [r3]
 194:Generated_Source\PSoC4/cyfitter_cfg.c **** 
 195:Generated_Source\PSoC4/cyfitter_cfg.c **** 	/* CYDEV_PERI_PCLK_CTL1 Starting address: CYDEV_PERI_PCLK_CTL1 */
 196:Generated_Source\PSoC4/cyfitter_cfg.c **** 	CY_SET_REG32((void *)(CYREG_PERI_PCLK_CTL1), 0x00000041u);
  82              		.loc 1 196 0
  83 0046 0132     		adds	r2, r2, #1
  84 0048 134B     		ldr	r3, .L2+44
  85 004a 1A60     		str	r2, [r3]
 197:Generated_Source\PSoC4/cyfitter_cfg.c **** 
 198:Generated_Source\PSoC4/cyfitter_cfg.c **** 	(void)CyIntSetVector(11u, &CySysTimerIsr);
  86              		.loc 1 198 0
  87 004c 1349     		ldr	r1, .L2+48
ARM GAS  C:\Users\Jupiter\AppData\Local\Temp\cca9aT7H.s 			page 6


  88 004e 0B20     		movs	r0, #11
  89 0050 FFF7FEFF 		bl	CyIntSetVector
  90              	.LVL1:
 199:Generated_Source\PSoC4/cyfitter_cfg.c **** 	CyIntEnable(11u);
  91              		.loc 1 199 0
  92 0054 0B20     		movs	r0, #11
  93 0056 FFF7FEFF 		bl	CyIntEnable
  94              	.LVL2:
 200:Generated_Source\PSoC4/cyfitter_cfg.c **** 	CY_SET_REG32((void *)(CYREG_WCO_WDT_CONFIG), 0x00000000u);
  95              		.loc 1 200 0
  96 005a 114B     		ldr	r3, .L2+52
  97 005c 1D60     		str	r5, [r3]
 201:Generated_Source\PSoC4/cyfitter_cfg.c **** 	CySysClkSetTimerSource(CY_SYS_CLK_TIMER_SRC_ILO);
  98              		.loc 1 201 0
  99 005e 0020     		movs	r0, #0
 100 0060 FFF7FEFF 		bl	CySysClkSetTimerSource
 101              	.LVL3:
 202:Generated_Source\PSoC4/cyfitter_cfg.c **** 	/* Set Flash Cycles based on newly configured 24.00MHz HFCLK. */
 203:Generated_Source\PSoC4/cyfitter_cfg.c **** 	CY_SET_REG32((void CYXDATA *)(CYREG_CPUSS_FLASH_CTL), (0x0011u));
 102              		.loc 1 203 0
 103 0064 1123     		movs	r3, #17
 104 0066 2360     		str	r3, [r4]
 204:Generated_Source\PSoC4/cyfitter_cfg.c **** }
 105              		.loc 1 204 0
 106              		@ sp needed
 107 0068 70BD     		pop	{r4, r5, r6, pc}
 108              	.L3:
 109 006a C046     		.align	2
 110              	.L2:
 111 006c 30001040 		.word	1074790448
 112 0070 08030140 		.word	1073808136
 113 0074 00000140 		.word	1073807360
 114 0078 42FF0080 		.word	-2147418302
 115 007c 00030140 		.word	1073808128
 116 0080 40FF0080 		.word	-2147418304
 117 0084 04030140 		.word	1073808132
 118 0088 41FF0080 		.word	-2147418303
 119 008c 28000340 		.word	1073938472
 120 0090 18010140 		.word	1073807640
 121 0094 0C010140 		.word	1073807628
 122 0098 04010140 		.word	1073807620
 123 009c 00000000 		.word	CySysTimerIsr
 124 00a0 0C020740 		.word	1074201100
 125              		.cfi_endproc
 126              	.LFE4:
 127              		.size	ClockSetup, .-ClockSetup
 128              		.section	.text.SetAnalogRoutingPumps,"ax",%progbits
 129              		.align	2
 130              		.global	SetAnalogRoutingPumps
 131              		.code	16
 132              		.thumb_func
 133              		.type	SetAnalogRoutingPumps, %function
 134              	SetAnalogRoutingPumps:
 135              	.LFB6:
 205:Generated_Source\PSoC4/cyfitter_cfg.c **** 
 206:Generated_Source\PSoC4/cyfitter_cfg.c **** 
 207:Generated_Source\PSoC4/cyfitter_cfg.c **** /* Analog API Functions */
ARM GAS  C:\Users\Jupiter\AppData\Local\Temp\cca9aT7H.s 			page 7


 208:Generated_Source\PSoC4/cyfitter_cfg.c **** 
 209:Generated_Source\PSoC4/cyfitter_cfg.c **** 
 210:Generated_Source\PSoC4/cyfitter_cfg.c **** /*******************************************************************************
 211:Generated_Source\PSoC4/cyfitter_cfg.c **** * Function Name: AnalogSetDefault
 212:Generated_Source\PSoC4/cyfitter_cfg.c **** ********************************************************************************
 213:Generated_Source\PSoC4/cyfitter_cfg.c **** *
 214:Generated_Source\PSoC4/cyfitter_cfg.c **** * Summary:
 215:Generated_Source\PSoC4/cyfitter_cfg.c **** *  Sets up the analog portions of the chip to default values based on chip
 216:Generated_Source\PSoC4/cyfitter_cfg.c **** *  configuration options from the project.
 217:Generated_Source\PSoC4/cyfitter_cfg.c **** *
 218:Generated_Source\PSoC4/cyfitter_cfg.c **** * Parameters:
 219:Generated_Source\PSoC4/cyfitter_cfg.c **** *  void
 220:Generated_Source\PSoC4/cyfitter_cfg.c **** *
 221:Generated_Source\PSoC4/cyfitter_cfg.c **** * Return:
 222:Generated_Source\PSoC4/cyfitter_cfg.c **** *  void
 223:Generated_Source\PSoC4/cyfitter_cfg.c **** *
 224:Generated_Source\PSoC4/cyfitter_cfg.c **** *******************************************************************************/
 225:Generated_Source\PSoC4/cyfitter_cfg.c **** static void AnalogSetDefault(void);
 226:Generated_Source\PSoC4/cyfitter_cfg.c **** static void AnalogSetDefault(void)
 227:Generated_Source\PSoC4/cyfitter_cfg.c **** {
 228:Generated_Source\PSoC4/cyfitter_cfg.c **** 	CY_SET_XTND_REG32((void CYFAR *)CYREG_CSD_SW_DSI_SEL, 0x00000010u);
 229:Generated_Source\PSoC4/cyfitter_cfg.c **** 	CY_SET_XTND_REG32((void CYFAR *)CYREG_CTBM0_DFT_CTRL, 0x00000003u);
 230:Generated_Source\PSoC4/cyfitter_cfg.c **** 	CY_SET_XTND_REG32((void CYFAR *)CYREG_PASS_DSAB_DSAB_CTRL, 0x00000020u);
 231:Generated_Source\PSoC4/cyfitter_cfg.c **** 	SetAnalogRoutingPumps(1);
 232:Generated_Source\PSoC4/cyfitter_cfg.c **** }
 233:Generated_Source\PSoC4/cyfitter_cfg.c **** 
 234:Generated_Source\PSoC4/cyfitter_cfg.c **** 
 235:Generated_Source\PSoC4/cyfitter_cfg.c **** /*******************************************************************************
 236:Generated_Source\PSoC4/cyfitter_cfg.c **** * Function Name: SetAnalogRoutingPumps
 237:Generated_Source\PSoC4/cyfitter_cfg.c **** ********************************************************************************
 238:Generated_Source\PSoC4/cyfitter_cfg.c **** *
 239:Generated_Source\PSoC4/cyfitter_cfg.c **** * Summary:
 240:Generated_Source\PSoC4/cyfitter_cfg.c **** * Enables or disables the analog pumps feeding analog routing switches.
 241:Generated_Source\PSoC4/cyfitter_cfg.c **** * Intended to be called at startup, based on the Vdda system configuration;
 242:Generated_Source\PSoC4/cyfitter_cfg.c **** * may be called during operation when the user informs us that the Vdda voltage crossed the pump th
 243:Generated_Source\PSoC4/cyfitter_cfg.c **** *
 244:Generated_Source\PSoC4/cyfitter_cfg.c **** * Parameters:
 245:Generated_Source\PSoC4/cyfitter_cfg.c **** *  enabled - 1 to enable the pumps, 0 to disable the pumps
 246:Generated_Source\PSoC4/cyfitter_cfg.c **** *
 247:Generated_Source\PSoC4/cyfitter_cfg.c **** * Return:
 248:Generated_Source\PSoC4/cyfitter_cfg.c **** *  void
 249:Generated_Source\PSoC4/cyfitter_cfg.c **** *
 250:Generated_Source\PSoC4/cyfitter_cfg.c **** *******************************************************************************/
 251:Generated_Source\PSoC4/cyfitter_cfg.c **** void SetAnalogRoutingPumps(uint8 enabled)
 252:Generated_Source\PSoC4/cyfitter_cfg.c **** {
 136              		.loc 1 252 0
 137              		.cfi_startproc
 138              		@ args = 0, pretend = 0, frame = 0
 139              		@ frame_needed = 0, uses_anonymous_args = 0
 140              		@ link register save eliminated.
 141              	.LVL4:
 253:Generated_Source\PSoC4/cyfitter_cfg.c **** 	uint32 regValue = CY_GET_XTND_REG32((void *)(CYREG_SAR_PUMP_CTRL));
 142              		.loc 1 253 0
 143 0000 0B4B     		ldr	r3, .L9
 144 0002 1B68     		ldr	r3, [r3]
 145              	.LVL5:
 254:Generated_Source\PSoC4/cyfitter_cfg.c **** 	if (enabled != 0u)
ARM GAS  C:\Users\Jupiter\AppData\Local\Temp\cca9aT7H.s 			page 8


 146              		.loc 1 254 0
 147 0004 0028     		cmp	r0, #0
 148 0006 03D0     		beq	.L5
 255:Generated_Source\PSoC4/cyfitter_cfg.c **** 	{
 256:Generated_Source\PSoC4/cyfitter_cfg.c **** 		regValue |= 0x80000000u;
 149              		.loc 1 256 0
 150 0008 8022     		movs	r2, #128
 151 000a 1206     		lsls	r2, r2, #24
 152 000c 1343     		orrs	r3, r2
 153              	.LVL6:
 154 000e 01E0     		b	.L6
 155              	.L5:
 257:Generated_Source\PSoC4/cyfitter_cfg.c **** 	}
 258:Generated_Source\PSoC4/cyfitter_cfg.c **** 	else
 259:Generated_Source\PSoC4/cyfitter_cfg.c **** 	{
 260:Generated_Source\PSoC4/cyfitter_cfg.c **** 		regValue &= ~0x80000000u;
 156              		.loc 1 260 0
 157 0010 5B00     		lsls	r3, r3, #1
 158              	.LVL7:
 159 0012 5B08     		lsrs	r3, r3, #1
 160              	.LVL8:
 161              	.L6:
 261:Generated_Source\PSoC4/cyfitter_cfg.c **** 	}
 262:Generated_Source\PSoC4/cyfitter_cfg.c **** 	CY_SET_XTND_REG32((void *)(CYREG_SAR_PUMP_CTRL), regValue);
 162              		.loc 1 262 0
 163 0014 064A     		ldr	r2, .L9
 164 0016 1360     		str	r3, [r2]
 263:Generated_Source\PSoC4/cyfitter_cfg.c **** 	regValue = CY_GET_XTND_REG32((void *)(CYREG_CLK_SELECT));
 165              		.loc 1 263 0
 166 0018 064B     		ldr	r3, .L9+4
 167              	.LVL9:
 168 001a 1B68     		ldr	r3, [r3]
 169              	.LVL10:
 264:Generated_Source\PSoC4/cyfitter_cfg.c **** 	if (enabled != 0u)
 170              		.loc 1 264 0
 171 001c 0028     		cmp	r0, #0
 172 001e 02D0     		beq	.L7
 265:Generated_Source\PSoC4/cyfitter_cfg.c **** 	{
 266:Generated_Source\PSoC4/cyfitter_cfg.c **** 		regValue |= 0x00000020u;
 173              		.loc 1 266 0
 174 0020 2022     		movs	r2, #32
 175 0022 1343     		orrs	r3, r2
 176              	.LVL11:
 177 0024 01E0     		b	.L8
 178              	.L7:
 267:Generated_Source\PSoC4/cyfitter_cfg.c **** 	}
 268:Generated_Source\PSoC4/cyfitter_cfg.c **** 	else
 269:Generated_Source\PSoC4/cyfitter_cfg.c **** 	{
 270:Generated_Source\PSoC4/cyfitter_cfg.c **** 		regValue &= ~0x00000020u;
 179              		.loc 1 270 0
 180 0026 2022     		movs	r2, #32
 181 0028 9343     		bics	r3, r2
 182              	.LVL12:
 183              	.L8:
 271:Generated_Source\PSoC4/cyfitter_cfg.c **** 	}
 272:Generated_Source\PSoC4/cyfitter_cfg.c **** 	CY_SET_XTND_REG32((void *)(CYREG_CLK_SELECT), regValue);
 184              		.loc 1 272 0
ARM GAS  C:\Users\Jupiter\AppData\Local\Temp\cca9aT7H.s 			page 9


 185 002a 024A     		ldr	r2, .L9+4
 186 002c 1360     		str	r3, [r2]
 273:Generated_Source\PSoC4/cyfitter_cfg.c **** }
 187              		.loc 1 273 0
 188              		@ sp needed
 189 002e 7047     		bx	lr
 190              	.L10:
 191              		.align	2
 192              	.L9:
 193 0030 80033A40 		.word	1077543808
 194 0034 28000340 		.word	1073938472
 195              		.cfi_endproc
 196              	.LFE6:
 197              		.size	SetAnalogRoutingPumps, .-SetAnalogRoutingPumps
 198              		.section	.text.AnalogSetDefault,"ax",%progbits
 199              		.align	2
 200              		.code	16
 201              		.thumb_func
 202              		.type	AnalogSetDefault, %function
 203              	AnalogSetDefault:
 204              	.LFB5:
 227:Generated_Source\PSoC4/cyfitter_cfg.c **** 	CY_SET_XTND_REG32((void CYFAR *)CYREG_CSD_SW_DSI_SEL, 0x00000010u);
 205              		.loc 1 227 0
 206              		.cfi_startproc
 207              		@ args = 0, pretend = 0, frame = 0
 208              		@ frame_needed = 0, uses_anonymous_args = 0
 209 0000 10B5     		push	{r4, lr}
 210              		.cfi_def_cfa_offset 8
 211              		.cfi_offset 4, -8
 212              		.cfi_offset 14, -4
 228:Generated_Source\PSoC4/cyfitter_cfg.c **** 	CY_SET_XTND_REG32((void CYFAR *)CYREG_CTBM0_DFT_CTRL, 0x00000003u);
 213              		.loc 1 228 0
 214 0002 1022     		movs	r2, #16
 215 0004 054B     		ldr	r3, .L12
 216 0006 1A60     		str	r2, [r3]
 229:Generated_Source\PSoC4/cyfitter_cfg.c **** 	CY_SET_XTND_REG32((void CYFAR *)CYREG_PASS_DSAB_DSAB_CTRL, 0x00000020u);
 217              		.loc 1 229 0
 218 0008 0D3A     		subs	r2, r2, #13
 219 000a 054B     		ldr	r3, .L12+4
 220 000c 1A60     		str	r2, [r3]
 230:Generated_Source\PSoC4/cyfitter_cfg.c **** 	SetAnalogRoutingPumps(1);
 221              		.loc 1 230 0
 222 000e 1D32     		adds	r2, r2, #29
 223 0010 044B     		ldr	r3, .L12+8
 224 0012 1A60     		str	r2, [r3]
 231:Generated_Source\PSoC4/cyfitter_cfg.c **** }
 225              		.loc 1 231 0
 226 0014 0120     		movs	r0, #1
 227 0016 FFF7FEFF 		bl	SetAnalogRoutingPumps
 228              	.LVL13:
 232:Generated_Source\PSoC4/cyfitter_cfg.c **** 
 229              		.loc 1 232 0
 230              		@ sp needed
 231 001a 10BD     		pop	{r4, pc}
 232              	.L13:
 233              		.align	2
 234              	.L12:
ARM GAS  C:\Users\Jupiter\AppData\Local\Temp\cca9aT7H.s 			page 10


 235 001c C0020C40 		.word	1074528960
 236 0020 30003040 		.word	1076887600
 237 0024 000E3F40 		.word	1077874176
 238              		.cfi_endproc
 239              	.LFE5:
 240              		.size	AnalogSetDefault, .-AnalogSetDefault
 241              		.section	.psocinit
 242              		.align	2
 243              		.global	cyfitter_cfg
 244              		.code	16
 245              		.thumb_func
 246              		.type	cyfitter_cfg, %function
 247              	cyfitter_cfg:
 248              	.LFB7:
 274:Generated_Source\PSoC4/cyfitter_cfg.c **** 
 275:Generated_Source\PSoC4/cyfitter_cfg.c **** 
 276:Generated_Source\PSoC4/cyfitter_cfg.c **** 
 277:Generated_Source\PSoC4/cyfitter_cfg.c **** 
 278:Generated_Source\PSoC4/cyfitter_cfg.c **** /*******************************************************************************
 279:Generated_Source\PSoC4/cyfitter_cfg.c **** * Function Name: cyfitter_cfg
 280:Generated_Source\PSoC4/cyfitter_cfg.c **** ********************************************************************************
 281:Generated_Source\PSoC4/cyfitter_cfg.c **** * Summary:
 282:Generated_Source\PSoC4/cyfitter_cfg.c **** *  This function is called by the start-up code for the selected device. It
 283:Generated_Source\PSoC4/cyfitter_cfg.c **** *  performs all of the necessary device configuration based on the design
 284:Generated_Source\PSoC4/cyfitter_cfg.c **** *  settings.  This includes settings from the Design Wide Resources (DWR) such
 285:Generated_Source\PSoC4/cyfitter_cfg.c **** *  as Clocks and Pins as well as any component configuration that is necessary.
 286:Generated_Source\PSoC4/cyfitter_cfg.c **** *
 287:Generated_Source\PSoC4/cyfitter_cfg.c **** * Parameters:
 288:Generated_Source\PSoC4/cyfitter_cfg.c **** *   void
 289:Generated_Source\PSoC4/cyfitter_cfg.c **** *
 290:Generated_Source\PSoC4/cyfitter_cfg.c **** * Return:
 291:Generated_Source\PSoC4/cyfitter_cfg.c **** *   void
 292:Generated_Source\PSoC4/cyfitter_cfg.c **** *
 293:Generated_Source\PSoC4/cyfitter_cfg.c **** *******************************************************************************/
 294:Generated_Source\PSoC4/cyfitter_cfg.c **** CY_CFG_SECTION
 295:Generated_Source\PSoC4/cyfitter_cfg.c **** void cyfitter_cfg(void)
 296:Generated_Source\PSoC4/cyfitter_cfg.c **** {
 249              		.loc 1 296 0
 250              		.cfi_startproc
 251              		@ args = 0, pretend = 0, frame = 0
 252              		@ frame_needed = 0, uses_anonymous_args = 0
 253 00a4 10B5     		push	{r4, lr}
 254              		.cfi_def_cfa_offset 8
 255              		.cfi_offset 4, -8
 256              		.cfi_offset 14, -4
 297:Generated_Source\PSoC4/cyfitter_cfg.c **** 	/* Disable interrupts by default. Let user enable if/when they want. */
 298:Generated_Source\PSoC4/cyfitter_cfg.c **** 	CyGlobalIntDisable;
 257              		.loc 1 298 0
 258              		.syntax divided
 259              	@ 298 "Generated_Source\PSoC4\cyfitter_cfg.c" 1
 260 00a6 72B6     		CPSID   i
 261              	@ 0 "" 2
 299:Generated_Source\PSoC4/cyfitter_cfg.c **** 
 300:Generated_Source\PSoC4/cyfitter_cfg.c **** 	{
 301:Generated_Source\PSoC4/cyfitter_cfg.c **** 		/* HSIOM Starting address: CYDEV_HSIOM_BASE */
 302:Generated_Source\PSoC4/cyfitter_cfg.c **** 		CY_SET_REG32((void *)(CYREG_HSIOM_PORT_SEL1), 0x00000008u);
 262              		.loc 1 302 0
ARM GAS  C:\Users\Jupiter\AppData\Local\Temp\cca9aT7H.s 			page 11


 263              		.thumb
 264              		.syntax unified
 265 00a8 0822     		movs	r2, #8
 266 00aa 0F4B     		ldr	r3, .L15
 267 00ac 1A60     		str	r2, [r3]
 303:Generated_Source\PSoC4/cyfitter_cfg.c **** 		CY_SET_REG32((void *)(CYREG_HSIOM_PORT_SEL3), 0x0000EEEEu);
 268              		.loc 1 303 0
 269 00ae 0F4A     		ldr	r2, .L15+4
 270 00b0 0F4B     		ldr	r3, .L15+8
 271 00b2 1A60     		str	r2, [r3]
 304:Generated_Source\PSoC4/cyfitter_cfg.c **** 
 305:Generated_Source\PSoC4/cyfitter_cfg.c **** 	}
 306:Generated_Source\PSoC4/cyfitter_cfg.c **** 
 307:Generated_Source\PSoC4/cyfitter_cfg.c **** 	/* Perform second pass device configuration. These items must be configured in specific order afte
 308:Generated_Source\PSoC4/cyfitter_cfg.c **** 	/* IOPINS0_0 Starting address: CYDEV_GPIO_PRT0_BASE */
 309:Generated_Source\PSoC4/cyfitter_cfg.c **** 	CY_SET_REG32((void *)(CYDEV_GPIO_PRT0_BASE), 0x00000001u);
 272              		.loc 1 309 0
 273 00b4 0122     		movs	r2, #1
 274 00b6 0F4B     		ldr	r3, .L15+12
 275 00b8 1A60     		str	r2, [r3]
 310:Generated_Source\PSoC4/cyfitter_cfg.c **** 	CY_SET_REG32((void *)(CYREG_GPIO_PRT0_PC2), 0x00000005u);
 276              		.loc 1 310 0
 277 00ba 0432     		adds	r2, r2, #4
 278 00bc 0E4B     		ldr	r3, .L15+16
 279 00be 1A60     		str	r2, [r3]
 311:Generated_Source\PSoC4/cyfitter_cfg.c **** 
 312:Generated_Source\PSoC4/cyfitter_cfg.c **** 	/* IOPINS0_1 Starting address: CYDEV_GPIO_PRT1_BASE */
 313:Generated_Source\PSoC4/cyfitter_cfg.c **** 	CY_SET_REG32((void *)(CYDEV_GPIO_PRT1_BASE), 0x00000029u);
 280              		.loc 1 313 0
 281 00c0 2432     		adds	r2, r2, #36
 282 00c2 0E4B     		ldr	r3, .L15+20
 283 00c4 1A60     		str	r2, [r3]
 314:Generated_Source\PSoC4/cyfitter_cfg.c **** 	CY_SET_REG32((void *)(CYREG_GPIO_PRT1_PC), 0x00030C06u);
 284              		.loc 1 314 0
 285 00c6 0E4A     		ldr	r2, .L15+24
 286 00c8 0E4B     		ldr	r3, .L15+28
 287 00ca 1A60     		str	r2, [r3]
 315:Generated_Source\PSoC4/cyfitter_cfg.c **** 
 316:Generated_Source\PSoC4/cyfitter_cfg.c **** 	/* IOPINS0_3 Starting address: CYDEV_GPIO_PRT3_BASE */
 317:Generated_Source\PSoC4/cyfitter_cfg.c **** 	CY_SET_REG32((void *)(CYDEV_GPIO_PRT3_BASE), 0x000000B3u);
 288              		.loc 1 317 0
 289 00cc B322     		movs	r2, #179
 290 00ce 0E4B     		ldr	r3, .L15+32
 291 00d0 1A60     		str	r2, [r3]
 318:Generated_Source\PSoC4/cyfitter_cfg.c **** 	CY_SET_REG32((void *)(CYREG_GPIO_PRT3_PC), 0x00C36DA4u);
 292              		.loc 1 318 0
 293 00d2 0E4A     		ldr	r2, .L15+36
 294 00d4 0E4B     		ldr	r3, .L15+40
 295 00d6 1A60     		str	r2, [r3]
 319:Generated_Source\PSoC4/cyfitter_cfg.c **** 
 320:Generated_Source\PSoC4/cyfitter_cfg.c **** 	/* IOPINS0_4 Starting address: CYDEV_GPIO_PRT4_BASE */
 321:Generated_Source\PSoC4/cyfitter_cfg.c **** 	CY_SET_REG32((void *)(CYREG_GPIO_PRT4_PC2), 0x00000004u);
 296              		.loc 1 321 0
 297 00d8 0422     		movs	r2, #4
 298 00da 0E4B     		ldr	r3, .L15+44
 299 00dc 1A60     		str	r2, [r3]
 322:Generated_Source\PSoC4/cyfitter_cfg.c **** 
ARM GAS  C:\Users\Jupiter\AppData\Local\Temp\cca9aT7H.s 			page 12


 323:Generated_Source\PSoC4/cyfitter_cfg.c **** 
 324:Generated_Source\PSoC4/cyfitter_cfg.c **** 	/* Setup clocks based on selections from Clock DWR */
 325:Generated_Source\PSoC4/cyfitter_cfg.c **** 	ClockSetup();
 300              		.loc 1 325 0
 301 00de FFF78FFF 		bl	ClockSetup
 302              	.LVL14:
 326:Generated_Source\PSoC4/cyfitter_cfg.c **** 
 327:Generated_Source\PSoC4/cyfitter_cfg.c **** 	/* Perform basic analog initialization to defaults */
 328:Generated_Source\PSoC4/cyfitter_cfg.c **** 	AnalogSetDefault();
 303              		.loc 1 328 0
 304 00e2 FFF7FEFF 		bl	AnalogSetDefault
 305              	.LVL15:
 329:Generated_Source\PSoC4/cyfitter_cfg.c **** 
 330:Generated_Source\PSoC4/cyfitter_cfg.c **** }
 306              		.loc 1 330 0
 307              		@ sp needed
 308 00e6 10BD     		pop	{r4, pc}
 309              	.L16:
 310              		.align	2
 311              	.L15:
 312 00e8 00010240 		.word	1073873152
 313 00ec EEEE0000 		.word	61166
 314 00f0 00030240 		.word	1073873664
 315 00f4 00000440 		.word	1074003968
 316 00f8 18000440 		.word	1074003992
 317 00fc 00010440 		.word	1074004224
 318 0100 060C0300 		.word	199686
 319 0104 08010440 		.word	1074004232
 320 0108 00030440 		.word	1074004736
 321 010c A46DC300 		.word	12807588
 322 0110 08030440 		.word	1074004744
 323 0114 18040440 		.word	1074005016
 324              		.cfi_endproc
 325              	.LFE7:
 326              		.size	cyfitter_cfg, .-cyfitter_cfg
 327              		.text
 328              	.Letext0:
 329              		.file 2 "Generated_Source\\PSoC4\\cytypes.h"
 330              		.file 3 "Generated_Source\\PSoC4\\CyLib.h"
 331              		.file 4 "Generated_Source\\PSoC4\\CyLFClk.h"
 332              		.section	.debug_info,"",%progbits
 333              	.Ldebug_info0:
 334 0000 BF010000 		.4byte	0x1bf
 335 0004 0400     		.2byte	0x4
 336 0006 00000000 		.4byte	.Ldebug_abbrev0
 337 000a 04       		.byte	0x4
 338 000b 01       		.uleb128 0x1
 339 000c 92010000 		.4byte	.LASF25
 340 0010 0C       		.byte	0xc
 341 0011 30020000 		.4byte	.LASF26
 342 0015 2B010000 		.4byte	.LASF27
 343 0019 00000000 		.4byte	.Ldebug_ranges0+0
 344 001d 00000000 		.4byte	0
 345 0021 00000000 		.4byte	.Ldebug_line0
 346 0025 02       		.uleb128 0x2
 347 0026 04       		.byte	0x4
 348 0027 05       		.byte	0x5
ARM GAS  C:\Users\Jupiter\AppData\Local\Temp\cca9aT7H.s 			page 13


 349 0028 696E7400 		.ascii	"int\000"
 350 002c 03       		.uleb128 0x3
 351 002d 04       		.byte	0x4
 352 002e 07       		.byte	0x7
 353 002f C4000000 		.4byte	.LASF0
 354 0033 03       		.uleb128 0x3
 355 0034 08       		.byte	0x8
 356 0035 05       		.byte	0x5
 357 0036 F1000000 		.4byte	.LASF1
 358 003a 03       		.uleb128 0x3
 359 003b 08       		.byte	0x8
 360 003c 04       		.byte	0x4
 361 003d 86010000 		.4byte	.LASF2
 362 0041 03       		.uleb128 0x3
 363 0042 01       		.byte	0x1
 364 0043 06       		.byte	0x6
 365 0044 24020000 		.4byte	.LASF3
 366 0048 03       		.uleb128 0x3
 367 0049 01       		.byte	0x1
 368 004a 08       		.byte	0x8
 369 004b 61000000 		.4byte	.LASF4
 370 004f 03       		.uleb128 0x3
 371 0050 02       		.byte	0x2
 372 0051 05       		.byte	0x5
 373 0052 0C010000 		.4byte	.LASF5
 374 0056 03       		.uleb128 0x3
 375 0057 02       		.byte	0x2
 376 0058 07       		.byte	0x7
 377 0059 48000000 		.4byte	.LASF6
 378 005d 03       		.uleb128 0x3
 379 005e 04       		.byte	0x4
 380 005f 05       		.byte	0x5
 381 0060 7D010000 		.4byte	.LASF7
 382 0064 03       		.uleb128 0x3
 383 0065 04       		.byte	0x4
 384 0066 07       		.byte	0x7
 385 0067 6F000000 		.4byte	.LASF8
 386 006b 03       		.uleb128 0x3
 387 006c 08       		.byte	0x8
 388 006d 07       		.byte	0x7
 389 006e D1000000 		.4byte	.LASF9
 390 0072 03       		.uleb128 0x3
 391 0073 04       		.byte	0x4
 392 0074 07       		.byte	0x7
 393 0075 E8000000 		.4byte	.LASF10
 394 0079 03       		.uleb128 0x3
 395 007a 01       		.byte	0x1
 396 007b 08       		.byte	0x8
 397 007c FF000000 		.4byte	.LASF11
 398 0080 04       		.uleb128 0x4
 399 0081 81000000 		.4byte	.LASF12
 400 0085 02       		.byte	0x2
 401 0086 FC01     		.2byte	0x1fc
 402 0088 48000000 		.4byte	0x48
 403 008c 04       		.uleb128 0x4
 404 008d BD000000 		.4byte	.LASF13
 405 0091 02       		.byte	0x2
ARM GAS  C:\Users\Jupiter\AppData\Local\Temp\cca9aT7H.s 			page 14


 406 0092 FE01     		.2byte	0x1fe
 407 0094 64000000 		.4byte	0x64
 408 0098 03       		.uleb128 0x3
 409 0099 04       		.byte	0x4
 410 009a 04       		.byte	0x4
 411 009b 5B000000 		.4byte	.LASF14
 412 009f 03       		.uleb128 0x3
 413 00a0 08       		.byte	0x8
 414 00a1 04       		.byte	0x4
 415 00a2 AA000000 		.4byte	.LASF15
 416 00a6 04       		.uleb128 0x4
 417 00a7 00000000 		.4byte	.LASF16
 418 00ab 02       		.byte	0x2
 419 00ac A802     		.2byte	0x2a8
 420 00ae B2000000 		.4byte	0xb2
 421 00b2 05       		.uleb128 0x5
 422 00b3 8C000000 		.4byte	0x8c
 423 00b7 06       		.uleb128 0x6
 424 00b8 3D000000 		.4byte	.LASF17
 425 00bc 01       		.byte	0x1
 426 00bd AA       		.byte	0xaa
 427 00be 00000000 		.4byte	.LFB4
 428 00c2 A4000000 		.4byte	.LFE4-.LFB4
 429 00c6 01       		.uleb128 0x1
 430 00c7 9C       		.byte	0x9c
 431 00c8 16010000 		.4byte	0x116
 432 00cc 07       		.uleb128 0x7
 433 00cd 0E000000 		.4byte	.LVL0
 434 00d1 96010000 		.4byte	0x196
 435 00d5 DF000000 		.4byte	0xdf
 436 00d9 08       		.uleb128 0x8
 437 00da 01       		.uleb128 0x1
 438 00db 50       		.byte	0x50
 439 00dc 01       		.uleb128 0x1
 440 00dd 48       		.byte	0x48
 441 00de 00       		.byte	0
 442 00df 07       		.uleb128 0x7
 443 00e0 54000000 		.4byte	.LVL1
 444 00e4 A1010000 		.4byte	0x1a1
 445 00e8 F2000000 		.4byte	0xf2
 446 00ec 08       		.uleb128 0x8
 447 00ed 01       		.uleb128 0x1
 448 00ee 50       		.byte	0x50
 449 00ef 01       		.uleb128 0x1
 450 00f0 3B       		.byte	0x3b
 451 00f1 00       		.byte	0
 452 00f2 07       		.uleb128 0x7
 453 00f3 5A000000 		.4byte	.LVL2
 454 00f7 AC010000 		.4byte	0x1ac
 455 00fb 05010000 		.4byte	0x105
 456 00ff 08       		.uleb128 0x8
 457 0100 01       		.uleb128 0x1
 458 0101 50       		.byte	0x50
 459 0102 01       		.uleb128 0x1
 460 0103 3B       		.byte	0x3b
 461 0104 00       		.byte	0
 462 0105 09       		.uleb128 0x9
ARM GAS  C:\Users\Jupiter\AppData\Local\Temp\cca9aT7H.s 			page 15


 463 0106 64000000 		.4byte	.LVL3
 464 010a B7010000 		.4byte	0x1b7
 465 010e 08       		.uleb128 0x8
 466 010f 01       		.uleb128 0x1
 467 0110 50       		.byte	0x50
 468 0111 02       		.uleb128 0x2
 469 0112 75       		.byte	0x75
 470 0113 00       		.sleb128 0
 471 0114 00       		.byte	0
 472 0115 00       		.byte	0
 473 0116 0A       		.uleb128 0xa
 474 0117 94000000 		.4byte	.LASF19
 475 011b 01       		.byte	0x1
 476 011c FB       		.byte	0xfb
 477 011d 00000000 		.4byte	.LFB6
 478 0121 38000000 		.4byte	.LFE6-.LFB6
 479 0125 01       		.uleb128 0x1
 480 0126 9C       		.byte	0x9c
 481 0127 48010000 		.4byte	0x148
 482 012b 0B       		.uleb128 0xb
 483 012c 04010000 		.4byte	.LASF28
 484 0130 01       		.byte	0x1
 485 0131 FB       		.byte	0xfb
 486 0132 80000000 		.4byte	0x80
 487 0136 01       		.uleb128 0x1
 488 0137 50       		.byte	0x50
 489 0138 0C       		.uleb128 0xc
 490 0139 56020000 		.4byte	.LASF29
 491 013d 01       		.byte	0x1
 492 013e FD       		.byte	0xfd
 493 013f 8C000000 		.4byte	0x8c
 494 0143 00000000 		.4byte	.LLST0
 495 0147 00       		.byte	0
 496 0148 06       		.uleb128 0x6
 497 0149 06000000 		.4byte	.LASF18
 498 014d 01       		.byte	0x1
 499 014e E2       		.byte	0xe2
 500 014f 00000000 		.4byte	.LFB5
 501 0153 28000000 		.4byte	.LFE5-.LFB5
 502 0157 01       		.uleb128 0x1
 503 0158 9C       		.byte	0x9c
 504 0159 6D010000 		.4byte	0x16d
 505 015d 09       		.uleb128 0x9
 506 015e 1A000000 		.4byte	.LVL13
 507 0162 16010000 		.4byte	0x116
 508 0166 08       		.uleb128 0x8
 509 0167 01       		.uleb128 0x1
 510 0168 50       		.byte	0x50
 511 0169 01       		.uleb128 0x1
 512 016a 31       		.byte	0x31
 513 016b 00       		.byte	0
 514 016c 00       		.byte	0
 515 016d 0D       		.uleb128 0xd
 516 016e 87000000 		.4byte	.LASF20
 517 0172 01       		.byte	0x1
 518 0173 2701     		.2byte	0x127
 519 0175 A4000000 		.4byte	.LFB7
ARM GAS  C:\Users\Jupiter\AppData\Local\Temp\cca9aT7H.s 			page 16


 520 0179 74000000 		.4byte	.LFE7-.LFB7
 521 017d 01       		.uleb128 0x1
 522 017e 9C       		.byte	0x9c
 523 017f 96010000 		.4byte	0x196
 524 0183 0E       		.uleb128 0xe
 525 0184 E2000000 		.4byte	.LVL14
 526 0188 B7000000 		.4byte	0xb7
 527 018c 0E       		.uleb128 0xe
 528 018d E6000000 		.4byte	.LVL15
 529 0191 48010000 		.4byte	0x148
 530 0195 00       		.byte	0
 531 0196 0F       		.uleb128 0xf
 532 0197 16010000 		.4byte	.LASF21
 533 019b 16010000 		.4byte	.LASF21
 534 019f 03       		.byte	0x3
 535 01a0 6C       		.byte	0x6c
 536 01a1 0F       		.uleb128 0xf
 537 01a2 2E000000 		.4byte	.LASF22
 538 01a6 2E000000 		.4byte	.LASF22
 539 01aa 03       		.byte	0x3
 540 01ab D0       		.byte	0xd0
 541 01ac 0F       		.uleb128 0xf
 542 01ad B1000000 		.4byte	.LASF23
 543 01b1 B1000000 		.4byte	.LASF23
 544 01b5 03       		.byte	0x3
 545 01b6 D6       		.byte	0xd6
 546 01b7 0F       		.uleb128 0xf
 547 01b8 17000000 		.4byte	.LASF24
 548 01bc 17000000 		.4byte	.LASF24
 549 01c0 04       		.byte	0x4
 550 01c1 9F       		.byte	0x9f
 551 01c2 00       		.byte	0
 552              		.section	.debug_abbrev,"",%progbits
 553              	.Ldebug_abbrev0:
 554 0000 01       		.uleb128 0x1
 555 0001 11       		.uleb128 0x11
 556 0002 01       		.byte	0x1
 557 0003 25       		.uleb128 0x25
 558 0004 0E       		.uleb128 0xe
 559 0005 13       		.uleb128 0x13
 560 0006 0B       		.uleb128 0xb
 561 0007 03       		.uleb128 0x3
 562 0008 0E       		.uleb128 0xe
 563 0009 1B       		.uleb128 0x1b
 564 000a 0E       		.uleb128 0xe
 565 000b 55       		.uleb128 0x55
 566 000c 17       		.uleb128 0x17
 567 000d 11       		.uleb128 0x11
 568 000e 01       		.uleb128 0x1
 569 000f 10       		.uleb128 0x10
 570 0010 17       		.uleb128 0x17
 571 0011 00       		.byte	0
 572 0012 00       		.byte	0
 573 0013 02       		.uleb128 0x2
 574 0014 24       		.uleb128 0x24
 575 0015 00       		.byte	0
 576 0016 0B       		.uleb128 0xb
ARM GAS  C:\Users\Jupiter\AppData\Local\Temp\cca9aT7H.s 			page 17


 577 0017 0B       		.uleb128 0xb
 578 0018 3E       		.uleb128 0x3e
 579 0019 0B       		.uleb128 0xb
 580 001a 03       		.uleb128 0x3
 581 001b 08       		.uleb128 0x8
 582 001c 00       		.byte	0
 583 001d 00       		.byte	0
 584 001e 03       		.uleb128 0x3
 585 001f 24       		.uleb128 0x24
 586 0020 00       		.byte	0
 587 0021 0B       		.uleb128 0xb
 588 0022 0B       		.uleb128 0xb
 589 0023 3E       		.uleb128 0x3e
 590 0024 0B       		.uleb128 0xb
 591 0025 03       		.uleb128 0x3
 592 0026 0E       		.uleb128 0xe
 593 0027 00       		.byte	0
 594 0028 00       		.byte	0
 595 0029 04       		.uleb128 0x4
 596 002a 16       		.uleb128 0x16
 597 002b 00       		.byte	0
 598 002c 03       		.uleb128 0x3
 599 002d 0E       		.uleb128 0xe
 600 002e 3A       		.uleb128 0x3a
 601 002f 0B       		.uleb128 0xb
 602 0030 3B       		.uleb128 0x3b
 603 0031 05       		.uleb128 0x5
 604 0032 49       		.uleb128 0x49
 605 0033 13       		.uleb128 0x13
 606 0034 00       		.byte	0
 607 0035 00       		.byte	0
 608 0036 05       		.uleb128 0x5
 609 0037 35       		.uleb128 0x35
 610 0038 00       		.byte	0
 611 0039 49       		.uleb128 0x49
 612 003a 13       		.uleb128 0x13
 613 003b 00       		.byte	0
 614 003c 00       		.byte	0
 615 003d 06       		.uleb128 0x6
 616 003e 2E       		.uleb128 0x2e
 617 003f 01       		.byte	0x1
 618 0040 03       		.uleb128 0x3
 619 0041 0E       		.uleb128 0xe
 620 0042 3A       		.uleb128 0x3a
 621 0043 0B       		.uleb128 0xb
 622 0044 3B       		.uleb128 0x3b
 623 0045 0B       		.uleb128 0xb
 624 0046 27       		.uleb128 0x27
 625 0047 19       		.uleb128 0x19
 626 0048 11       		.uleb128 0x11
 627 0049 01       		.uleb128 0x1
 628 004a 12       		.uleb128 0x12
 629 004b 06       		.uleb128 0x6
 630 004c 40       		.uleb128 0x40
 631 004d 18       		.uleb128 0x18
 632 004e 9742     		.uleb128 0x2117
 633 0050 19       		.uleb128 0x19
ARM GAS  C:\Users\Jupiter\AppData\Local\Temp\cca9aT7H.s 			page 18


 634 0051 01       		.uleb128 0x1
 635 0052 13       		.uleb128 0x13
 636 0053 00       		.byte	0
 637 0054 00       		.byte	0
 638 0055 07       		.uleb128 0x7
 639 0056 898201   		.uleb128 0x4109
 640 0059 01       		.byte	0x1
 641 005a 11       		.uleb128 0x11
 642 005b 01       		.uleb128 0x1
 643 005c 31       		.uleb128 0x31
 644 005d 13       		.uleb128 0x13
 645 005e 01       		.uleb128 0x1
 646 005f 13       		.uleb128 0x13
 647 0060 00       		.byte	0
 648 0061 00       		.byte	0
 649 0062 08       		.uleb128 0x8
 650 0063 8A8201   		.uleb128 0x410a
 651 0066 00       		.byte	0
 652 0067 02       		.uleb128 0x2
 653 0068 18       		.uleb128 0x18
 654 0069 9142     		.uleb128 0x2111
 655 006b 18       		.uleb128 0x18
 656 006c 00       		.byte	0
 657 006d 00       		.byte	0
 658 006e 09       		.uleb128 0x9
 659 006f 898201   		.uleb128 0x4109
 660 0072 01       		.byte	0x1
 661 0073 11       		.uleb128 0x11
 662 0074 01       		.uleb128 0x1
 663 0075 31       		.uleb128 0x31
 664 0076 13       		.uleb128 0x13
 665 0077 00       		.byte	0
 666 0078 00       		.byte	0
 667 0079 0A       		.uleb128 0xa
 668 007a 2E       		.uleb128 0x2e
 669 007b 01       		.byte	0x1
 670 007c 3F       		.uleb128 0x3f
 671 007d 19       		.uleb128 0x19
 672 007e 03       		.uleb128 0x3
 673 007f 0E       		.uleb128 0xe
 674 0080 3A       		.uleb128 0x3a
 675 0081 0B       		.uleb128 0xb
 676 0082 3B       		.uleb128 0x3b
 677 0083 0B       		.uleb128 0xb
 678 0084 27       		.uleb128 0x27
 679 0085 19       		.uleb128 0x19
 680 0086 11       		.uleb128 0x11
 681 0087 01       		.uleb128 0x1
 682 0088 12       		.uleb128 0x12
 683 0089 06       		.uleb128 0x6
 684 008a 40       		.uleb128 0x40
 685 008b 18       		.uleb128 0x18
 686 008c 9742     		.uleb128 0x2117
 687 008e 19       		.uleb128 0x19
 688 008f 01       		.uleb128 0x1
 689 0090 13       		.uleb128 0x13
 690 0091 00       		.byte	0
ARM GAS  C:\Users\Jupiter\AppData\Local\Temp\cca9aT7H.s 			page 19


 691 0092 00       		.byte	0
 692 0093 0B       		.uleb128 0xb
 693 0094 05       		.uleb128 0x5
 694 0095 00       		.byte	0
 695 0096 03       		.uleb128 0x3
 696 0097 0E       		.uleb128 0xe
 697 0098 3A       		.uleb128 0x3a
 698 0099 0B       		.uleb128 0xb
 699 009a 3B       		.uleb128 0x3b
 700 009b 0B       		.uleb128 0xb
 701 009c 49       		.uleb128 0x49
 702 009d 13       		.uleb128 0x13
 703 009e 02       		.uleb128 0x2
 704 009f 18       		.uleb128 0x18
 705 00a0 00       		.byte	0
 706 00a1 00       		.byte	0
 707 00a2 0C       		.uleb128 0xc
 708 00a3 34       		.uleb128 0x34
 709 00a4 00       		.byte	0
 710 00a5 03       		.uleb128 0x3
 711 00a6 0E       		.uleb128 0xe
 712 00a7 3A       		.uleb128 0x3a
 713 00a8 0B       		.uleb128 0xb
 714 00a9 3B       		.uleb128 0x3b
 715 00aa 0B       		.uleb128 0xb
 716 00ab 49       		.uleb128 0x49
 717 00ac 13       		.uleb128 0x13
 718 00ad 02       		.uleb128 0x2
 719 00ae 17       		.uleb128 0x17
 720 00af 00       		.byte	0
 721 00b0 00       		.byte	0
 722 00b1 0D       		.uleb128 0xd
 723 00b2 2E       		.uleb128 0x2e
 724 00b3 01       		.byte	0x1
 725 00b4 3F       		.uleb128 0x3f
 726 00b5 19       		.uleb128 0x19
 727 00b6 03       		.uleb128 0x3
 728 00b7 0E       		.uleb128 0xe
 729 00b8 3A       		.uleb128 0x3a
 730 00b9 0B       		.uleb128 0xb
 731 00ba 3B       		.uleb128 0x3b
 732 00bb 05       		.uleb128 0x5
 733 00bc 27       		.uleb128 0x27
 734 00bd 19       		.uleb128 0x19
 735 00be 11       		.uleb128 0x11
 736 00bf 01       		.uleb128 0x1
 737 00c0 12       		.uleb128 0x12
 738 00c1 06       		.uleb128 0x6
 739 00c2 40       		.uleb128 0x40
 740 00c3 18       		.uleb128 0x18
 741 00c4 9742     		.uleb128 0x2117
 742 00c6 19       		.uleb128 0x19
 743 00c7 01       		.uleb128 0x1
 744 00c8 13       		.uleb128 0x13
 745 00c9 00       		.byte	0
 746 00ca 00       		.byte	0
 747 00cb 0E       		.uleb128 0xe
ARM GAS  C:\Users\Jupiter\AppData\Local\Temp\cca9aT7H.s 			page 20


 748 00cc 898201   		.uleb128 0x4109
 749 00cf 00       		.byte	0
 750 00d0 11       		.uleb128 0x11
 751 00d1 01       		.uleb128 0x1
 752 00d2 31       		.uleb128 0x31
 753 00d3 13       		.uleb128 0x13
 754 00d4 00       		.byte	0
 755 00d5 00       		.byte	0
 756 00d6 0F       		.uleb128 0xf
 757 00d7 2E       		.uleb128 0x2e
 758 00d8 00       		.byte	0
 759 00d9 3F       		.uleb128 0x3f
 760 00da 19       		.uleb128 0x19
 761 00db 3C       		.uleb128 0x3c
 762 00dc 19       		.uleb128 0x19
 763 00dd 6E       		.uleb128 0x6e
 764 00de 0E       		.uleb128 0xe
 765 00df 03       		.uleb128 0x3
 766 00e0 0E       		.uleb128 0xe
 767 00e1 3A       		.uleb128 0x3a
 768 00e2 0B       		.uleb128 0xb
 769 00e3 3B       		.uleb128 0x3b
 770 00e4 0B       		.uleb128 0xb
 771 00e5 00       		.byte	0
 772 00e6 00       		.byte	0
 773 00e7 00       		.byte	0
 774              		.section	.debug_loc,"",%progbits
 775              	.Ldebug_loc0:
 776              	.LLST0:
 777 0000 04000000 		.4byte	.LVL5
 778 0004 12000000 		.4byte	.LVL7
 779 0008 0100     		.2byte	0x1
 780 000a 53       		.byte	0x53
 781 000b 14000000 		.4byte	.LVL8
 782 000f 1A000000 		.4byte	.LVL9
 783 0013 0100     		.2byte	0x1
 784 0015 53       		.byte	0x53
 785 0016 1A000000 		.4byte	.LVL9
 786 001a 1C000000 		.4byte	.LVL10
 787 001e 0200     		.2byte	0x2
 788 0020 72       		.byte	0x72
 789 0021 00       		.sleb128 0
 790 0022 1C000000 		.4byte	.LVL10
 791 0026 38000000 		.4byte	.LFE6
 792 002a 0100     		.2byte	0x1
 793 002c 53       		.byte	0x53
 794 002d 00000000 		.4byte	0
 795 0031 00000000 		.4byte	0
 796              		.section	.debug_aranges,"",%progbits
 797 0000 34000000 		.4byte	0x34
 798 0004 0200     		.2byte	0x2
 799 0006 00000000 		.4byte	.Ldebug_info0
 800 000a 04       		.byte	0x4
 801 000b 00       		.byte	0
 802 000c 0000     		.2byte	0
 803 000e 0000     		.2byte	0
 804 0010 00000000 		.4byte	.LFB4
ARM GAS  C:\Users\Jupiter\AppData\Local\Temp\cca9aT7H.s 			page 21


 805 0014 A4000000 		.4byte	.LFE4-.LFB4
 806 0018 00000000 		.4byte	.LFB6
 807 001c 38000000 		.4byte	.LFE6-.LFB6
 808 0020 00000000 		.4byte	.LFB5
 809 0024 28000000 		.4byte	.LFE5-.LFB5
 810 0028 A4000000 		.4byte	.LFB7
 811 002c 74000000 		.4byte	.LFE7-.LFB7
 812 0030 00000000 		.4byte	0
 813 0034 00000000 		.4byte	0
 814              		.section	.debug_ranges,"",%progbits
 815              	.Ldebug_ranges0:
 816 0000 00000000 		.4byte	.LFB4
 817 0004 A4000000 		.4byte	.LFE4
 818 0008 00000000 		.4byte	.LFB6
 819 000c 38000000 		.4byte	.LFE6
 820 0010 00000000 		.4byte	.LFB5
 821 0014 28000000 		.4byte	.LFE5
 822 0018 A4000000 		.4byte	.LFB7
 823 001c 18010000 		.4byte	.LFE7
 824 0020 00000000 		.4byte	0
 825 0024 00000000 		.4byte	0
 826              		.section	.debug_line,"",%progbits
 827              	.Ldebug_line0:
 828 0000 CB000000 		.section	.debug_str,"MS",%progbits,1
 828      02006100 
 828      00000201 
 828      FB0E0D00 
 828      01010101 
 829              	.LASF16:
 830 0000 72656733 		.ascii	"reg32\000"
 830      3200
 831              	.LASF18:
 832 0006 416E616C 		.ascii	"AnalogSetDefault\000"
 832      6F675365 
 832      74446566 
 832      61756C74 
 832      00
 833              	.LASF24:
 834 0017 43795379 		.ascii	"CySysClkSetTimerSource\000"
 834      73436C6B 
 834      53657454 
 834      696D6572 
 834      536F7572 
 835              	.LASF22:
 836 002e 4379496E 		.ascii	"CyIntSetVector\000"
 836      74536574 
 836      56656374 
 836      6F7200
 837              	.LASF17:
 838 003d 436C6F63 		.ascii	"ClockSetup\000"
 838      6B536574 
 838      757000
 839              	.LASF6:
 840 0048 73686F72 		.ascii	"short unsigned int\000"
 840      7420756E 
 840      7369676E 
 840      65642069 
ARM GAS  C:\Users\Jupiter\AppData\Local\Temp\cca9aT7H.s 			page 22


 840      6E7400
 841              	.LASF14:
 842 005b 666C6F61 		.ascii	"float\000"
 842      7400
 843              	.LASF4:
 844 0061 756E7369 		.ascii	"unsigned char\000"
 844      676E6564 
 844      20636861 
 844      7200
 845              	.LASF8:
 846 006f 6C6F6E67 		.ascii	"long unsigned int\000"
 846      20756E73 
 846      69676E65 
 846      6420696E 
 846      7400
 847              	.LASF12:
 848 0081 75696E74 		.ascii	"uint8\000"
 848      3800
 849              	.LASF20:
 850 0087 63796669 		.ascii	"cyfitter_cfg\000"
 850      74746572 
 850      5F636667 
 850      00
 851              	.LASF19:
 852 0094 53657441 		.ascii	"SetAnalogRoutingPumps\000"
 852      6E616C6F 
 852      67526F75 
 852      74696E67 
 852      50756D70 
 853              	.LASF15:
 854 00aa 646F7562 		.ascii	"double\000"
 854      6C6500
 855              	.LASF23:
 856 00b1 4379496E 		.ascii	"CyIntEnable\000"
 856      74456E61 
 856      626C6500 
 857              	.LASF13:
 858 00bd 75696E74 		.ascii	"uint32\000"
 858      333200
 859              	.LASF0:
 860 00c4 756E7369 		.ascii	"unsigned int\000"
 860      676E6564 
 860      20696E74 
 860      00
 861              	.LASF9:
 862 00d1 6C6F6E67 		.ascii	"long long unsigned int\000"
 862      206C6F6E 
 862      6720756E 
 862      7369676E 
 862      65642069 
 863              	.LASF10:
 864 00e8 73697A65 		.ascii	"sizetype\000"
 864      74797065 
 864      00
 865              	.LASF1:
 866 00f1 6C6F6E67 		.ascii	"long long int\000"
 866      206C6F6E 
ARM GAS  C:\Users\Jupiter\AppData\Local\Temp\cca9aT7H.s 			page 23


 866      6720696E 
 866      7400
 867              	.LASF11:
 868 00ff 63686172 		.ascii	"char\000"
 868      00
 869              	.LASF28:
 870 0104 656E6162 		.ascii	"enabled\000"
 870      6C656400 
 871              	.LASF5:
 872 010c 73686F72 		.ascii	"short int\000"
 872      7420696E 
 872      7400
 873              	.LASF21:
 874 0116 43795379 		.ascii	"CySysClkWriteImoFreq\000"
 874      73436C6B 
 874      57726974 
 874      65496D6F 
 874      46726571 
 875              	.LASF27:
 876 012b 433A5C55 		.ascii	"C:\\Users\\Jupiter\\Documents\\PSoC Creator\\Object"
 876      73657273 
 876      5C4A7570 
 876      69746572 
 876      5C446F63 
 877 0159 5F436C61 		.ascii	"_Classifier\\Object_Classifier.cydsn\000"
 877      73736966 
 877      6965725C 
 877      4F626A65 
 877      63745F43 
 878              	.LASF7:
 879 017d 6C6F6E67 		.ascii	"long int\000"
 879      20696E74 
 879      00
 880              	.LASF2:
 881 0186 6C6F6E67 		.ascii	"long double\000"
 881      20646F75 
 881      626C6500 
 882              	.LASF25:
 883 0192 474E5520 		.ascii	"GNU C11 5.4.1 20160609 (release) [ARM/embedded-5-br"
 883      43313120 
 883      352E342E 
 883      31203230 
 883      31363036 
 884 01c5 616E6368 		.ascii	"anch revision 237715] -mcpu=cortex-m0plus -mthumb -"
 884      20726576 
 884      6973696F 
 884      6E203233 
 884      37373135 
 885 01f8 67202D4F 		.ascii	"g -Og -ffunction-sections -ffat-lto-objects\000"
 885      67202D66 
 885      66756E63 
 885      74696F6E 
 885      2D736563 
 886              	.LASF3:
 887 0224 7369676E 		.ascii	"signed char\000"
 887      65642063 
 887      68617200 
ARM GAS  C:\Users\Jupiter\AppData\Local\Temp\cca9aT7H.s 			page 24


 888              	.LASF26:
 889 0230 47656E65 		.ascii	"Generated_Source\\PSoC4\\cyfitter_cfg.c\000"
 889      72617465 
 889      645F536F 
 889      75726365 
 889      5C50536F 
 890              	.LASF29:
 891 0256 72656756 		.ascii	"regValue\000"
 891      616C7565 
 891      00
 892              		.ident	"GCC: (GNU Tools for ARM Embedded Processors) 5.4.1 20160609 (release) [ARM/embedded-5-bran
